---
layout: post
title:  "linux 硬盘操作"
date:   2016-05-24
desc: "linux 硬盘操作"
keywords: "linux"
categories: [Linux]
tags: [linux]
icon: fa-linux
---

# Linux硬盘操作

<!--
create time: 2016-05-24 17:15:49
Author: <段朝骞>

This file is created by Marboo<http://marboo.io> template file $MARBOO_HOME/.media/starts/default.md
本文件由 Marboo<http://marboo.io> 模板文件 $MARBOO_HOME/.media/starts/default.md 创建
-->

## fstab文件

保存文件挂载信息

```bash
vi /etc/fstab

#
# /etc/fstab
# Created by anaconda on Wed May 18 23:29:58 2016
#
# Accessible filesystems, by reference, are maintained under '/dev/disk'
# See man pages fstab(5), findfs(8), mount(8) and/or blkid(8) for more info
#
/dev/mapper/VolGroup-lv_root /                       ext4    defaults        1 1
UUID=3725aff0-9f5e-47ce-85b2-80e438dc9df8 /boot                   ext4    defaults        1 2
/dev/mapper/VolGroup-lv_home /opt                   ext4    defaults        1 2
/dev/mapper/VolGroup-lv_swap swap                    swap    defaults        0 0
tmpfs                   /dev/shm                tmpfs   defaults        0 0
devpts                  /dev/pts                devpts  gid=5,mode=620  0 0
sysfs                   /sys                    sysfs   defaults        0 0
proc                    /proc                   proc    defaults        0 0
```

## mount

查看挂载信息

```bash
[root@localhost opt]# mount
/dev/mapper/VolGroup-lv_root on / type ext4 (rw)
proc on /proc type proc (rw)
sysfs on /sys type sysfs (rw)
devpts on /dev/pts type devpts (rw,gid=5,mode=620)
tmpfs on /dev/shm type tmpfs (rw,rootcontext="system_u:object_r:tmpfs_t:s0")
/dev/sda1 on /boot type ext4 (rw)
none on /proc/sys/fs/binfmt_misc type binfmt_misc (rw)
/dev/mapper/VolGroup-lv_home on /opt type ext4 (rw)
[root@localhost opt]# 
```

挂载分区

挂载/dev/mapper/VolGroup-lv_home到/opt
 
```bash
mount /dev/mapper/VolGroup-lv_home /opt
```

## umount

取消挂载

```bash
umount /home
```

## du

查看当前目录使用大小

`du -sh`

```bash
[root@localhost opt]# du -sh
20K	.
[root@localhost opt]# 
```

## df

查看当前硬盘挂载信息及使用情况

`df -h`

```bash
[root@localhost opt]# df -h
Filesystem            Size  Used Avail Use% Mounted on
/dev/mapper/VolGroup-lv_root
                       50G  646M   46G   2% /
tmpfs                 1.9G     0  1.9G   0% /dev/shm
/dev/sda1             477M   25M  427M   6% /boot
/dev/mapper/VolGroup-lv_home
                      405G   71M  385G   1% /opt
[root@localhost opt]# 
```

## fdisk

查看硬盘信息

`fdisk -l`

```bash
[root@localhost opt]# fdisk -l

Disk /dev/sda: 500.1 GB, 500107862016 bytes
255 heads, 63 sectors/track, 60801 cylinders
Units = cylinders of 16065 * 512 = 8225280 bytes
Sector size (logical/physical): 512 bytes / 512 bytes
I/O size (minimum/optimal): 512 bytes / 512 bytes
Disk identifier: 0x54bbc984

   Device Boot      Start         End      Blocks   Id  System
/dev/sda1   *           1          64      512000   83  Linux
Partition 1 does not end on cylinder boundary.
/dev/sda2              64       60802   487873536   8e  Linux LVM

Disk /dev/mapper/VolGroup-lv_root: 53.7 GB, 53687091200 bytes
255 heads, 63 sectors/track, 6527 cylinders
Units = cylinders of 16065 * 512 = 8225280 bytes
Sector size (logical/physical): 512 bytes / 512 bytes
I/O size (minimum/optimal): 512 bytes / 512 bytes
Disk identifier: 0x00000000


Disk /dev/mapper/VolGroup-lv_swap: 4076 MB, 4076863488 bytes
255 heads, 63 sectors/track, 495 cylinders
Units = cylinders of 16065 * 512 = 8225280 bytes
Sector size (logical/physical): 512 bytes / 512 bytes
I/O size (minimum/optimal): 512 bytes / 512 bytes
Disk identifier: 0x00000000


Disk /dev/mapper/VolGroup-lv_home: 441.8 GB, 441815400448 bytes
255 heads, 63 sectors/track, 53714 cylinders
Units = cylinders of 16065 * 512 = 8225280 bytes
Sector size (logical/physical): 512 bytes / 512 bytes
I/O size (minimum/optimal): 512 bytes / 512 bytes
Disk identifier: 0x00000000

[root@localhost opt]# 
```